Invalid file path provided or error loading image.
